Archive member included to satisfy reference by file (symbol)

D:/Arm/ARM_Embedded_GCC/arm-gnu-toolchain-14.3.rel1-mingw-w64-x86_64-arm-none-eabi/bin/../lib/gcc/arm-none-eabi/14.3.1/thumb/v7e-m+fp/hard\libgcc.a(_aeabi_uldivmod.o)
                              cmake/stm32cubemx/CMakeFiles/STM32_Drivers.dir/__/__/Drivers/STM32F4xx_HAL_Driver/Src/stm32f4xx_hal_rcc.c.obj (__aeabi_uldivmod)
D:/Arm/ARM_Embedded_GCC/arm-gnu-toolchain-14.3.rel1-mingw-w64-x86_64-arm-none-eabi/bin/../lib/gcc/arm-none-eabi/14.3.1/thumb/v7e-m+fp/hard\libgcc.a(_udivmoddi4.o)
                              D:/Arm/ARM_Embedded_GCC/arm-gnu-toolchain-14.3.rel1-mingw-w64-x86_64-arm-none-eabi/bin/../lib/gcc/arm-none-eabi/14.3.1/thumb/v7e-m+fp/hard\libgcc.a(_aeabi_uldivmod.o) (__udivmoddi4)
D:/Arm/ARM_Embedded_GCC/arm-gnu-toolchain-14.3.rel1-mingw-w64-x86_64-arm-none-eabi/bin/../lib/gcc/arm-none-eabi/14.3.1/thumb/v7e-m+fp/hard\libgcc.a(_dvmd_tls.o)
                              D:/Arm/ARM_Embedded_GCC/arm-gnu-toolchain-14.3.rel1-mingw-w64-x86_64-arm-none-eabi/bin/../lib/gcc/arm-none-eabi/14.3.1/thumb/v7e-m+fp/hard\libgcc.a(_aeabi_uldivmod.o) (__aeabi_ldiv0)
D:/Arm/ARM_Embedded_GCC/arm-gnu-toolchain-14.3.rel1-mingw-w64-x86_64-arm-none-eabi/bin/../lib/gcc/arm-none-eabi/14.3.1/../../../../arm-none-eabi/lib/thumb/v7e-m+fp/hard\libg_nano.a(libc_a-exit.o)
                              D:/Arm/ARM_Embedded_GCC/arm-gnu-toolchain-14.3.rel1-mingw-w64-x86_64-arm-none-eabi/bin/../lib/gcc/arm-none-eabi/14.3.1/../../../../arm-none-eabi/lib/thumb/v7e-m+fp/hard/crt0.o (exit)
D:/Arm/ARM_Embedded_GCC/arm-gnu-toolchain-14.3.rel1-mingw-w64-x86_64-arm-none-eabi/bin/../lib/gcc/arm-none-eabi/14.3.1/../../../../arm-none-eabi/lib/thumb/v7e-m+fp/hard\libg_nano.a(libc_a-findfp.o)
                              D:/Arm/ARM_Embedded_GCC/arm-gnu-toolchain-14.3.rel1-mingw-w64-x86_64-arm-none-eabi/bin/../lib/gcc/arm-none-eabi/14.3.1/../../../../arm-none-eabi/lib/thumb/v7e-m+fp/hard\libg_nano.a(libc_a-exit.o) (__stdio_exit_handler)
D:/Arm/ARM_Embedded_GCC/arm-gnu-toolchain-14.3.rel1-mingw-w64-x86_64-arm-none-eabi/bin/../lib/gcc/arm-none-eabi/14.3.1/../../../../arm-none-eabi/lib/thumb/v7e-m+fp/hard\libg_nano.a(libc_a-fwalk.o)
                              D:/Arm/ARM_Embedded_GCC/arm-gnu-toolchain-14.3.rel1-mingw-w64-x86_64-arm-none-eabi/bin/../lib/gcc/arm-none-eabi/14.3.1/../../../../arm-none-eabi/lib/thumb/v7e-m+fp/hard\libg_nano.a(libc_a-findfp.o) (_fwalk_sglue)
D:/Arm/ARM_Embedded_GCC/arm-gnu-toolchain-14.3.rel1-mingw-w64-x86_64-arm-none-eabi/bin/../lib/gcc/arm-none-eabi/14.3.1/../../../../arm-none-eabi/lib/thumb/v7e-m+fp/hard\libg_nano.a(libc_a-stdio.o)
                              D:/Arm/ARM_Embedded_GCC/arm-gnu-toolchain-14.3.rel1-mingw-w64-x86_64-arm-none-eabi/bin/../lib/gcc/arm-none-eabi/14.3.1/../../../../arm-none-eabi/lib/thumb/v7e-m+fp/hard\libg_nano.a(libc_a-findfp.o) (__sread)
D:/Arm/ARM_Embedded_GCC/arm-gnu-toolchain-14.3.rel1-mingw-w64-x86_64-arm-none-eabi/bin/../lib/gcc/arm-none-eabi/14.3.1/../../../../arm-none-eabi/lib/thumb/v7e-m+fp/hard\libg_nano.a(libc_a-memset.o)
                              D:/Arm/ARM_Embedded_GCC/arm-gnu-toolchain-14.3.rel1-mingw-w64-x86_64-arm-none-eabi/bin/../lib/gcc/arm-none-eabi/14.3.1/../../../../arm-none-eabi/lib/thumb/v7e-m+fp/hard/crt0.o (memset)
D:/Arm/ARM_Embedded_GCC/arm-gnu-toolchain-14.3.rel1-mingw-w64-x86_64-arm-none-eabi/bin/../lib/gcc/arm-none-eabi/14.3.1/../../../../arm-none-eabi/lib/thumb/v7e-m+fp/hard\libg_nano.a(libc_a-closer.o)
                              D:/Arm/ARM_Embedded_GCC/arm-gnu-toolchain-14.3.rel1-mingw-w64-x86_64-arm-none-eabi/bin/../lib/gcc/arm-none-eabi/14.3.1/../../../../arm-none-eabi/lib/thumb/v7e-m+fp/hard\libg_nano.a(libc_a-stdio.o) (_close_r)
D:/Arm/ARM_Embedded_GCC/arm-gnu-toolchain-14.3.rel1-mingw-w64-x86_64-arm-none-eabi/bin/../lib/gcc/arm-none-eabi/14.3.1/../../../../arm-none-eabi/lib/thumb/v7e-m+fp/hard\libg_nano.a(libc_a-reent.o)
                              D:/Arm/ARM_Embedded_GCC/arm-gnu-toolchain-14.3.rel1-mingw-w64-x86_64-arm-none-eabi/bin/../lib/gcc/arm-none-eabi/14.3.1/../../../../arm-none-eabi/lib/thumb/v7e-m+fp/hard\libg_nano.a(libc_a-closer.o) (errno)
D:/Arm/ARM_Embedded_GCC/arm-gnu-toolchain-14.3.rel1-mingw-w64-x86_64-arm-none-eabi/bin/../lib/gcc/arm-none-eabi/14.3.1/../../../../arm-none-eabi/lib/thumb/v7e-m+fp/hard\libg_nano.a(libc_a-impure.o)
                              D:/Arm/ARM_Embedded_GCC/arm-gnu-toolchain-14.3.rel1-mingw-w64-x86_64-arm-none-eabi/bin/../lib/gcc/arm-none-eabi/14.3.1/../../../../arm-none-eabi/lib/thumb/v7e-m+fp/hard\libg_nano.a(libc_a-reent.o) (_impure_ptr)
D:/Arm/ARM_Embedded_GCC/arm-gnu-toolchain-14.3.rel1-mingw-w64-x86_64-arm-none-eabi/bin/../lib/gcc/arm-none-eabi/14.3.1/../../../../arm-none-eabi/lib/thumb/v7e-m+fp/hard\libg_nano.a(libc_a-lseekr.o)
[...]
Memory Configuration

Name             Origin             Length             Attributes
RAM              0x20000000         0x00020000         xrw
FLASH            0x08000000         0x00080000         xr
*default*        0x00000000         0xffffffff

Linker script and memory map

LOAD D:/Arm/ARM_Embedded_GCC/arm-gnu-toolchain-14.3.rel1-mingw-w64-x86_64-arm-none-eabi/bin/../lib/gcc/arm-none-eabi/14.3.1/thumb/v7e-m+fp/hard/crti.o
LOAD D:/Arm/ARM_Embedded_GCC/arm-gnu-toolchain-14.3.rel1-mingw-w64-x86_64-arm-none-eabi/bin/../lib/gcc/arm-none-eabi/14.3.1/thumb/v7e-m+fp/hard/crtbegin.o
LOAD D:/Arm/ARM_Embedded_GCC/arm-gnu-toolchain-14.3.rel1-mingw-w64-x86_64-arm-none-eabi/bin/../lib/gcc/arm-none-eabi/14.3.1/../../../../arm-none-eabi/lib/thumb/v7e-m+fp/hard/crt0.o
LOAD cmake/stm32cubemx/CMakeFiles/STM32_Drivers.dir/__/__/Core/Src/system_stm32f4xx.c.obj
LOAD cmake/stm32cubemx/CMakeFiles/STM32_Drivers.dir/__/__/Drivers/STM32F4xx_HAL_Driver/Src/stm32f4xx_hal_rcc.c.obj
LOAD cmake/stm32cubemx/CMakeFiles/STM32_Drivers.dir/__/__/Drivers/STM32F4xx_HAL_Driver/Src/stm32f4xx_hal_rcc_ex.c.obj
LOAD cmake/stm32cubemx/CMakeFiles/STM32_Drivers.dir/__/__/Drivers/STM32F4xx_HAL_Driver/Src/stm32f4xx_hal_flash.c.obj
LOAD cmake/stm32cubemx/CMakeFiles/STM32_Drivers.dir/__/__/Drivers/STM32F4xx_HAL_Driver/Src/stm32f4xx_hal_flash_ex.c.obj
LOAD cmake/stm32cubemx/CMakeFiles/STM32_Drivers.dir/__/__/Drivers/STM32F4xx_HAL_Driver/Src/stm32f4xx_hal_flash_ramfunc.c.obj
LOAD cmake/stm32cubemx/CMakeFiles/STM32_Drivers.dir/__/__/Drivers/STM32F4xx_HAL_Driver/Src/stm32f4xx_hal_gpio.c.obj
LOAD cmake/stm32cubemx/CMakeFiles/STM32_Drivers.dir/__/__/Drivers/STM32F4xx_HAL_Driver/Src/stm32f4xx_hal_dma_ex.c.obj
LOAD cmake/stm32cubemx/CMakeFiles/STM32_Drivers.dir/__/__/Drivers/STM32F4xx_HAL_Driver/Src/stm32f4xx_hal_dma.c.obj
LOAD cmake/stm32cubemx/CMakeFiles/STM32_Drivers.dir/__/__/Drivers/STM32F4xx_HAL_Driver/Src/stm32f4xx_hal_pwr.c.obj
LOAD cmake/stm32cubemx/CMakeFiles/STM32_Drivers.dir/__/__/Drivers/STM32F4xx_HAL_Driver/Src/stm32f4xx_hal_pwr_ex.c.obj
LOAD cmake/stm32cubemx/CMakeFiles/STM32_Drivers.dir/__/__/Drivers/STM32F4xx_HAL_Driver/Src/stm32f4xx_hal_cortex.c.obj
LOAD cmake/stm32cubemx/CMakeFiles/STM32_Drivers.dir/__/__/Drivers/STM32F4xx_HAL_Driver/Src/stm32f4xx_hal.c.obj
LOAD cmake/stm32cubemx/CMakeFiles/STM32_Drivers.dir/__/__/Drivers/STM32F4xx_HAL_Driver/Src/stm32f4xx_hal_exti.c.obj
LOAD CMakeFiles/test_cmake_gcc.dir/Core/Src/main.c.obj
LOAD CMakeFiles/test_cmake_gcc.dir/Core/Src/gpio.c.obj
LOAD CMakeFiles/test_cmake_gcc.dir/Core/Src/stm32f4xx_it.c.obj
LOAD CMakeFiles/test_cmake_gcc.dir/Core/Src/stm32f4xx_hal_msp.c.obj
LOAD CMakeFiles/test_cmake_gcc.dir/Core/Src/sysmem.c.obj
LOAD CMakeFiles/test_cmake_gcc.dir/Core/Src/syscalls.c.obj
LOAD CMakeFiles/test_cmake_gcc.dir/startup_stm32f411xe.s.obj
LOAD CMakeFiles/test_cmake_gcc.dir/App/light/srcs/light.c.obj
LOAD CMakeFiles/test_cmake_gcc.dir/App/delay/srcs/delay.c.obj
LOAD D:/Arm/ARM_Embedded_GCC/arm-gnu-toolchain-14.3.rel1-mingw-w64-x86_64-arm-none-eabi/bin/../lib/gcc/arm-none-eabi/14.3.1/../../../../arm-none-eabi/lib/thumb/v7e-m+fp/hard\libm.a
START GROUP
LOAD D:/Arm/ARM_Embedded_GCC/arm-gnu-toolchain-14.3.rel1-mingw-w64-x86_64-arm-none-eabi/bin/../lib/gcc/arm-none-eabi/14.3.1/thumb/v7e-m+fp/hard\libgcc.a
LOAD D:/Arm/ARM_Embedded_GCC/arm-gnu-toolchain-14.3.rel1-mingw-w64-x86_64-arm-none-eabi/bin/../lib/gcc/arm-none-eabi/14.3.1/../../../../arm-none-eabi/lib/thumb/v7e-m+fp/hard\libg_nano.a
LOAD D:/Arm/ARM_Embedded_GCC/arm-gnu-toolchain-14.3.rel1-mingw-w64-x86_64-arm-none-eabi/bin/../lib/gcc/arm-none-eabi/14.3.1/../../../../arm-none-eabi/lib/thumb/v7e-m+fp/hard\libc_nano.a
END GROUP
START GROUP
LOAD D:/Arm/ARM_Embedded_GCC/arm-gnu-toolchain-14.3.rel1-mingw-w64-x86_64-arm-none-eabi/bin/../lib/gcc/arm-none-eabi/14.3.1/thumb/v7e-m+fp/hard\libgcc.a
LOAD D:/Arm/ARM_Embedded_GCC/arm-gnu-toolchain-14.3.rel1-mingw-w64-x86_64-arm-none-eabi/bin/../lib/gcc/arm-none-eabi/14.3.1/../../../../arm-none-eabi/lib/thumb/v7e-m+fp/hard\libc_nano.a
END GROUP
LOAD D:/Arm/ARM_Embedded_GCC/arm-gnu-toolchain-14.3.rel1-mingw-w64-x86_64-arm-none-eabi/bin/../lib/gcc/arm-none-eabi/14.3.1/thumb/v7e-m+fp/hard/crtend.o
LOAD D:/Arm/ARM_Embedded_GCC/arm-gnu-toolchain-14.3.rel1-mingw-w64-x86_64-arm-none-eabi/bin/../lib/gcc/arm-none-eabi/14.3.1/thumb/v7e-m+fp/hard/crtn.o
                0x20020000                        _estack = (ORIGIN (RAM) + LENGTH (RAM))
                0x2001fc00                        _sstack = (_estack - _Min_Stack_Size)
                0x00000200                        _Min_Heap_Size = 0x200
                0x00000400                        _Min_Stack_Size = 0x400

.isr_vector     0x08000000      0x198
                0x08000000                        . = ALIGN (0x4)
 *(.isr_vector)
 .isr_vector    0x08000000      0x198 CMakeFiles/test_cmake_gcc.dir/startup_stm32f411xe.s.obj
                0x08000000                g_pfnVectors
                0x08000198                        . = ALIGN (0x4)

.text           0x08000198     0x15ac
                0x08000198                        . = ALIGN (0x4)
 *(.text)
 .text          0x08000198       0x30 D:/Arm/ARM_Embedded_GCC/arm-gnu-toolchain-14.3.rel1-mingw-w64-x86_64-arm-none-eabi/bin/../lib/gcc/arm-none-eabi/14.3.1/thumb/v7e-m+fp/hard\libgcc.a(_aeabi_uldivmod.o)
                0x08000198                __aeabi_uldivmod
 .text          0x080001c8        0x4 D:/Arm/ARM_Embedded_GCC/arm-gnu-toolchain-14.3.rel1-mingw-w64-x86_64-arm-none-eabi/bin/../lib/gcc/arm-none-eabi/14.3.1/thumb/v7e-m+fp/hard\libgcc.a(_dvmd_tls.o)
                0x080001c8                __aeabi_idiv0
                0x080001c8                __aeabi_ldiv0
 *(.text*)
 .text.deregister_tm_clones
                0x080001cc       0x1c D:/Arm/ARM_Embedded_GCC/arm-gnu-toolchain-14.3.rel1-mingw-w64-x86_64-arm-none-eabi/bin/../lib/gcc/arm-none-eabi/14.3.1/thumb/v7e-m+fp/hard/crtbegin.o
 .text.register_tm_clones
                0x080001e8       0x24 D:/Arm/ARM_Embedded_GCC/arm-gnu-toolchain-14.3.rel1-mingw-w64-x86_64-arm-none-eabi/bin/../lib/gcc/arm-none-eabi/14.3.1/thumb/v7e-m+fp/hard/crtbegin.o
 .text.__do_global_dtors_aux
                0x0800020c       0x28 D:/Arm/ARM_Embedded_GCC/arm-gnu-toolchain-14.3.rel1-mingw-w64-x86_64-arm-none-eabi/bin/../lib/gcc/arm-none-eabi/14.3.1/thumb/v7e-m+fp/hard/crtbegin.o
 .text.frame_dummy
                0x08000234       0x24 D:/Arm/ARM_Embedded_GCC/arm-gnu-toolchain-14.3.rel1-mingw-w64-x86_64-arm-none-eabi/bin/../lib/gcc/arm-none-eabi/14.3.1/thumb/v7e-m+fp/hard/crtbegin.o
 .text.SystemInit
                0x08000258       0x24 cmake/stm32cubemx/CMakeFiles/STM32_Drivers.dir/__/__/Core/Src/system_stm32f4xx.c.obj
                0x08000258                SystemInit
 .text.HAL_RCC_OscConfig
                0x0800027c      0x4f0 cmake/stm32cubemx/CMakeFiles/STM32_Drivers.dir/__/__/Drivers/STM32F4xx_HAL_Driver/Src/stm32f4xx_hal_rcc.c.obj
                0x0800027c                HAL_RCC_OscConfig
 .text.HAL_RCC_ClockConfig
                0x0800076c      0x1cc cmake/stm32cubemx/CMakeFiles/STM32_Drivers.dir/__/__/Drivers/STM32F4xx_HAL_Driver/Src/stm32f4xx_hal_rcc.c.obj
                0x0800076c                HAL_RCC_ClockConfig
 .text.HAL_RCC_GetSysClockFreq
                0x08000938      0x188 cmake/stm32cubemx/CMakeFiles/STM32_Drivers.dir/__/__/Drivers/STM32F4xx_HAL_Driver/Src/stm32f4xx_hal_rcc.c.obj
                0x08000938                HAL_RCC_GetSysClockFreq
 .text.HAL_GPIO_Init
                0x08000ac0      0x308 cmake/stm32cubemx/CMakeFiles/STM32_Drivers.dir/__/__/Drivers/STM32F4xx_HAL_Driver/Src/stm32f4xx_hal_gpio.c.obj
                0x08000ac0                HAL_GPIO_Init
 .text.HAL_GPIO_WritePin
                0x08000dc8       0x32 cmake/stm32cubemx/CMakeFiles/STM32_Drivers.dir/__/__/Drivers/STM32F4xx_HAL_Driver/Src/stm32f4xx_hal_gpio.c.obj
                0x08000dc8                HAL_GPIO_WritePin
 *fill*         0x08000dfa        0x2 
 .text.__NVIC_SetPriorityGrouping
                0x08000dfc       0x48 cmake/stm32cubemx/CMakeFiles/STM32_Drivers.dir/__/__/Drivers/STM32F4xx_HAL_Driver/Src/stm32f4xx_hal_cortex.c.obj
 .text.__NVIC_GetPriorityGrouping
                0x08000e44       0x1c cmake/stm32cubemx/CMakeFiles/STM32_Drivers.dir/__/__/Drivers/STM32F4xx_HAL_Driver/Src/stm32f4xx_hal_cortex.c.obj
 .text.__NVIC_SetPriority
                0x08000e60       0x54 cmake/stm32cubemx/CMakeFiles/STM32_Drivers.dir/__/__/Drivers/STM32F4xx_HAL_Driver/Src/stm32f4xx_hal_cortex.c.obj
 .text.NVIC_EncodePriority
                0x08000eb4       0x66 cmake/stm32cubemx/CMakeFiles/STM32_Drivers.dir/__/__/Drivers/STM32F4xx_HAL_Driver/Src/stm32f4xx_hal_cortex.c.obj
 *fill*         0x08000f1a        0x2 
 .text.SysTick_Config
                0x08000f1c       0x44 cmake/stm32cubemx/CMakeFiles/STM32_Drivers.dir/__/__/Drivers/STM32F4xx_HAL_Driver/Src/stm32f4xx_hal_cortex.c.obj
 .text.HAL_NVIC_SetPriorityGrouping
                0x08000f60       0x16 cmake/stm32cubemx/CMakeFiles/STM32_Drivers.dir/__/__/Drivers/STM32F4xx_HAL_Driver/Src/stm32f4xx_hal_cortex.c.obj
                0x08000f60                HAL_NVIC_SetPriorityGrouping
 .text.HAL_NVIC_SetPriority
                0x08000f76       0x38 cmake/stm32cubemx/CMakeFiles/STM32_Drivers.dir/__/__/Drivers/STM32F4xx_HAL_Driver/Src/stm32f4xx_hal_cortex.c.obj
                0x08000f76                HAL_NVIC_SetPriority
 .text.HAL_SYSTICK_Config
                0x08000fae       0x18 cmake/stm32cubemx/CMakeFiles/STM32_Drivers.dir/__/__/Drivers/STM32F4xx_HAL_Driver/Src/stm32f4xx_hal_cortex.c.obj
                0x08000fae                HAL_SYSTICK_Config
 *fill*         0x08000fc6        0x2 
 .text.HAL_Init
                0x08000fc8       0x44 cmake/stm32cubemx/CMakeFiles/STM32_Drivers.dir/__/__/Drivers/STM32F4xx_HAL_Driver/Src/stm32f4xx_hal.c.obj
                0x08000fc8                HAL_Init
 .text.HAL_InitTick
                0x0800100c       0x60 cmake/stm32cubemx/CMakeFiles/STM32_Drivers.dir/__/__/Drivers/STM32F4xx_HAL_Driver/Src/stm32f4xx_hal.c.obj
                0x0800100c                HAL_InitTick
 .text.HAL_IncTick
                0x0800106c       0x28 cmake/stm32cubemx/CMakeFiles/STM32_Drivers.dir/__/__/Drivers/STM32F4xx_HAL_Driver/Src/stm32f4xx_hal.c.obj
                0x0800106c                HAL_IncTick
 .text.HAL_GetTick
                0x08001094       0x18 cmake/stm32cubemx/CMakeFiles/STM32_Drivers.dir/__/__/Drivers/STM32F4xx_HAL_Driver/Src/stm32f4xx_hal.c.obj
                0x08001094                HAL_GetTick
 .text.HAL_Delay
                0x080010ac       0x48 cmake/stm32cubemx/CMakeFiles/STM32_Drivers.dir/__/__/Drivers/STM32F4xx_HAL_Driver/Src/stm32f4xx_hal.c.obj
                0x080010ac                HAL_Delay
 .text.main     0x080010f4       0x16 CMakeFiles/test_cmake_gcc.dir/Core/Src/main.c.obj
                0x080010f4                main
 *fill*         0x0800110a        0x2 
 .text.SystemClock_Config
                0x0800110c       0xd0 CMakeFiles/test_cmake_gcc.dir/Core/Src/main.c.obj
                0x0800110c                SystemClock_Config
 .text.Error_Handler
                0x080011dc        0xc CMakeFiles/test_cmake_gcc.dir/Core/Src/main.c.obj
                0x080011dc                Error_Handler
 .text.MX_GPIO_Init
                0x080011e8       0xa4 CMakeFiles/test_cmake_gcc.dir/Core/Src/gpio.c.obj
                0x080011e8                MX_GPIO_Init
 .text.NMI_Handler
                0x0800128c        0x8 CMakeFiles/test_cmake_gcc.dir/Core/Src/stm32f4xx_it.c.obj
                0x0800128c                NMI_Handler
 .text.HardFault_Handler
                0x08001294        0x8 CMakeFiles/test_cmake_gcc.dir/Core/Src/stm32f4xx_it.c.obj
                0x08001294                HardFault_Handler
 .text.MemManage_Handler
                0x0800129c        0x8 CMakeFiles/test_cmake_gcc.dir/Core/Src/stm32f4xx_it.c.obj
                0x0800129c                MemManage_Handler
 .text.BusFault_Handler
                0x080012a4        0x8 CMakeFiles/test_cmake_gcc.dir/Core/Src/stm32f4xx_it.c.obj
                0x080012a4                BusFault_Handler
 .text.UsageFault_Handler
                0x080012ac        0x8 CMakeFiles/test_cmake_gcc.dir/Core/Src/stm32f4xx_it.c.obj
                0x080012ac                UsageFault_Handler
 .text.SVC_Handler
                0x080012b4        0xe CMakeFiles/test_cmake_gcc.dir/Core/Src/stm32f4xx_it.c.obj
                0x080012b4                SVC_Handler
 .text.DebugMon_Handler
                0x080012c2        0xe CMakeFiles/test_cmake_gcc.dir/Core/Src/stm32f4xx_it.c.obj
                0x080012c2                DebugMon_Handler
 .text.PendSV_Handler
                0x080012d0        0xe CMakeFiles/test_cmake_gcc.dir/Core/Src/stm32f4xx_it.c.obj
                0x080012d0                PendSV_Handler
 .text.SysTick_Handler
                0x080012de        0xc CMakeFiles/test_cmake_gcc.dir/Core/Src/stm32f4xx_it.c.obj
                0x080012de                SysTick_Handler
 *fill*         0x080012ea        0x2 
 .text.HAL_MspInit
                0x080012ec       0x50 CMakeFiles/test_cmake_gcc.dir/Core/Src/stm32f4xx_hal_msp.c.obj
                0x080012ec                HAL_MspInit
 .text.Reset_Handler
                0x0800133c       0x50 CMakeFiles/test_cmake_gcc.dir/startup_stm32f411xe.s.obj
                0x0800133c                Reset_Handler
 .text.Default_Handler
                0x0800138c        0x2 CMakeFiles/test_cmake_gcc.dir/startup_stm32f411xe.s.obj
                0x0800138c                RTC_Alarm_IRQHandler
                0x0800138c                EXTI2_IRQHandler
                0x0800138c                SPI4_IRQHandler
                0x0800138c                TIM1_CC_IRQHandler
                0x0800138c                DMA2_Stream5_IRQHandler
                0x0800138c                DMA1_Stream5_IRQHandler
                0x0800138c                PVD_IRQHandler
                0x0800138c                SDIO_IRQHandler
                0x0800138c                TAMP_STAMP_IRQHandler
                0x0800138c                EXTI3_IRQHandler
                0x0800138c                TIM1_UP_TIM10_IRQHandler
                0x0800138c                I2C3_ER_IRQHandler
                0x0800138c                EXTI0_IRQHandler
                0x0800138c                I2C2_EV_IRQHandler
                0x0800138c                DMA1_Stream2_IRQHandler
                0x0800138c                FPU_IRQHandler
                0x0800138c                DMA2_Stream2_IRQHandler
                0x0800138c                SPI1_IRQHandler
                0x0800138c                TIM1_BRK_TIM9_IRQHandler
                0x0800138c                DMA2_Stream3_IRQHandler
                0x0800138c                USART6_IRQHandler
                0x0800138c                DMA2_Stream0_IRQHandler
                0x0800138c                TIM4_IRQHandler
                0x0800138c                I2C1_EV_IRQHandler
                0x0800138c                DMA1_Stream6_IRQHandler
                0x0800138c                DMA1_Stream1_IRQHandler
                0x0800138c                TIM3_IRQHandler
                0x0800138c                RCC_IRQHandler
                0x0800138c                Default_Handler
                0x0800138c                EXTI15_10_IRQHandler
                0x0800138c                ADC_IRQHandler
                0x0800138c                DMA1_Stream7_IRQHandler
                0x0800138c                SPI5_IRQHandler
                0x0800138c                TIM5_IRQHandler
                0x0800138c                DMA2_Stream7_IRQHandler
                0x0800138c                I2C3_EV_IRQHandler
                0x0800138c                EXTI9_5_IRQHandler
                0x0800138c                RTC_WKUP_IRQHandler
                0x0800138c                SPI2_IRQHandler
                0x0800138c                DMA1_Stream0_IRQHandler
                0x0800138c                EXTI4_IRQHandler
                0x0800138c                WWDG_IRQHandler
                0x0800138c                TIM2_IRQHandler
                0x0800138c                OTG_FS_WKUP_IRQHandler
                0x0800138c                TIM1_TRG_COM_TIM11_IRQHandler
                0x0800138c                EXTI1_IRQHandler
                0x0800138c                USART2_IRQHandler
                0x0800138c                I2C2_ER_IRQHandler
                0x0800138c                DMA2_Stream1_IRQHandler
                0x0800138c                FLASH_IRQHandler
                0x0800138c                DMA2_Stream4_IRQHandler
                0x0800138c                USART1_IRQHandler
                0x0800138c                OTG_FS_IRQHandler
                0x0800138c                SPI3_IRQHandler
                0x0800138c                DMA1_Stream4_IRQHandler
                0x0800138c                I2C1_ER_IRQHandler
                0x0800138c                DMA2_Stream6_IRQHandler
                0x0800138c                DMA1_Stream3_IRQHandler
 *fill*         0x0800138e        0x2 
 .text.light_task
                0x08001390       0x2c CMakeFiles/test_cmake_gcc.dir/App/light/srcs/light.c.obj
                0x08001390                light_task
 .text.delay_1  0x080013bc        0xe CMakeFiles/test_cmake_gcc.dir/App/delay/srcs/delay.c.obj
                0x080013bc                delay_1
 .text.delay_2  0x080013ca       0x10 CMakeFiles/test_cmake_gcc.dir/App/delay/srcs/delay.c.obj
                0x080013ca                delay_2
 *fill*         0x080013da        0x2 
 .text.__udivmoddi4
                0x080013dc      0x2f8 D:/Arm/ARM_Embedded_GCC/arm-gnu-toolchain-14.3.rel1-mingw-w64-x86_64-arm-none-eabi/bin/../lib/gcc/arm-none-eabi/14.3.1/thumb/v7e-m+fp/hard\libgcc.a(_udivmoddi4.o)
                0x080013dc                __udivmoddi4
 .text.memset   0x080016d4       0x10 D:/Arm/ARM_Embedded_GCC/arm-gnu-toolchain-14.3.rel1-mingw-w64-x86_64-arm-none-eabi/bin/../lib/gcc/arm-none-eabi/14.3.1/../../../../arm-none-eabi/lib/thumb/v7e-m+fp/hard\libg_nano.a(libc_a-memset.o)
                0x080016d4                memset
 .text.__libc_init_array
                0x080016e4       0x48 D:/Arm/ARM_Embedded_GCC/arm-gnu-toolchain-14.3.rel1-mingw-w64-x86_64-arm-none-eabi/bin/../lib/gcc/arm-none-eabi/14.3.1/../../../../arm-none-eabi/lib/thumb/v7e-m+fp/hard\libg_nano.a(libc_a-init.o)
                0x080016e4                __libc_init_array
 *(.glue_7)
 .glue_7        0x0800172c        0x0 linker stubs
 *(.glue_7t)
 .glue_7t       0x0800172c        0x0 linker stubs
 *(.eh_frame)
 .eh_frame      0x0800172c        0x0 D:/Arm/ARM_Embedded_GCC/arm-gnu-toolchain-14.3.rel1-mingw-w64-x86_64-arm-none-eabi/bin/../lib/gcc/arm-none-eabi/14.3.1/thumb/v7e-m+fp/hard/crtbegin.o
 *(.init)
 .init          0x0800172c        0x4 D:/Arm/ARM_Embedded_GCC/arm-gnu-toolchain-14.3.rel1-mingw-w64-x86_64-arm-none-eabi/bin/../lib/gcc/arm-none-eabi/14.3.1/thumb/v7e-m+fp/hard/crti.o
                0x0800172c                _init
 .init          0x08001730        0x8 D:/Arm/ARM_Embedded_GCC/arm-gnu-toolchain-14.3.rel1-mingw-w64-x86_64-arm-none-eabi/bin/../lib/gcc/arm-none-eabi/14.3.1/thumb/v7e-m+fp/hard/crtn.o
 *(.fini)
 .fini          0x08001738        0x4 D:/Arm/ARM_Embedded_GCC/arm-gnu-toolchain-14.3.rel1-mingw-w64-x86_64-arm-none-eabi/bin/../lib/gcc/arm-none-eabi/14.3.1/thumb/v7e-m+fp/hard/crti.o
                0x08001738                _fini
 .fini          0x0800173c        0x8 D:/Arm/ARM_Embedded_GCC/arm-gnu-toolchain-14.3.rel1-mingw-w64-x86_64-arm-none-eabi/bin/../lib/gcc/arm-none-eabi/14.3.1/thumb/v7e-m+fp/hard/crtn.o
                0x08001744                        . = ALIGN (0x4)
                0x08001744                        _etext = .

.vfp11_veneer   0x08001744        0x0
 .vfp11_veneer  0x08001744        0x0 linker stubs

.v4_bx          0x08001744        0x0
 .v4_bx         0x08001744        0x0 linker stubs

.iplt           0x08001744        0x0
 .iplt          0x08001744        0x0 D:/Arm/ARM_Embedded_GCC/arm-gnu-toolchain-14.3.rel1-mingw-w64-x86_64-arm-none-eabi/bin/../lib/gcc/arm-none-eabi/14.3.1/thumb/v7e-m+fp/hard/crtbegin.o

.rodata         0x08001744       0x10
                0x08001744                        . = ALIGN (0x4)
 *(.rodata)
 *(.rodata*)
 .rodata.AHBPrescTable
                0x08001744       0x10 cmake/stm32cubemx/CMakeFiles/STM32_Drivers.dir/__/__/Core/Src/system_stm32f4xx.c.obj
                0x08001744                AHBPrescTable
                0x08001754                        . = ALIGN (0x4)

.ARM.extab      0x08001754        0x0
                0x08001754                        . = ALIGN (0x4)
 *(.ARM.extab* .gnu.linkonce.armextab.*)
                0x08001754                        . = ALIGN (0x4)

.ARM            0x08001754        0x8
                0x08001754                        . = ALIGN (0x4)
                0x08001754                        __exidx_start = .
 *(.ARM.exidx*)
 .ARM.exidx.text.__udivmoddi4
                0x08001754        0x8 D:/Arm/ARM_Embedded_GCC/arm-gnu-toolchain-14.3.rel1-mingw-w64-x86_64-arm-none-eabi/bin/../lib/gcc/arm-none-eabi/14.3.1/thumb/v7e-m+fp/hard\libgcc.a(_udivmoddi4.o)
                0x0800175c                        __exidx_end = .
                0x0800175c                        . = ALIGN (0x4)

.preinit_array  0x0800175c        0x0
                0x0800175c                        . = ALIGN (0x4)
                0x0800175c                        PROVIDE (__preinit_array_start = .)
 *(.preinit_array*)
                0x0800175c                        PROVIDE (__preinit_array_end = .)
                0x0800175c                        . = ALIGN (0x4)

.init_array     0x0800175c        0x4
                0x0800175c                        . = ALIGN (0x4)
                0x0800175c                        PROVIDE (__init_array_start = .)
 *(SORT_BY_NAME(.init_array.*))
 *(.init_array*)
 .init_array    0x0800175c        0x4 D:/Arm/ARM_Embedded_GCC/arm-gnu-toolchain-14.3.rel1-mingw-w64-x86_64-arm-none-eabi/bin/../lib/gcc/arm-none-eabi/14.3.1/thumb/v7e-m+fp/hard/crtbegin.o
                0x08001760                        PROVIDE (__init_array_end = .)
                0x08001760                        . = ALIGN (0x4)

.fini_array     0x08001760        0x4
                0x08001760                        . = ALIGN (0x4)
                [!provide]                        PROVIDE (__fini_array_start = .)
 *(SORT_BY_NAME(.fini_array.*))
 *(.fini_array*)
 .fini_array    0x08001760        0x4 D:/Arm/ARM_Embedded_GCC/arm-gnu-toolchain-14.3.rel1-mingw-w64-x86_64-arm-none-eabi/bin/../lib/gcc/arm-none-eabi/14.3.1/thumb/v7e-m+fp/hard/crtbegin.o
                [!provide]                        PROVIDE (__fini_array_end = .)
                0x08001764                        . = ALIGN (0x4)
                0x08001764                        _sidata = LOADADDR (.data)

.rel.dyn        0x08001764        0x0
 .rel.iplt      0x08001764        0x0 D:/Arm/ARM_Embedded_GCC/arm-gnu-toolchain-14.3.rel1-mingw-w64-x86_64-arm-none-eabi/bin/../lib/gcc/arm-none-eabi/14.3.1/thumb/v7e-m+fp/hard/crtbegin.o

.data           0x20000000        0xc load address 0x08001764
                0x20000000                        . = ALIGN (0x4)
                0x20000000                        _sdata = .
 *(.data)
 *(.data*)
 .data.SystemCoreClock
                0x20000000        0x4 cmake/stm32cubemx/CMakeFiles/STM32_Drivers.dir/__/__/Core/Src/system_stm32f4xx.c.obj
                0x20000000                SystemCoreClock
 .data.uwTickPrio
                0x20000004        0x4 cmake/stm32cubemx/CMakeFiles/STM32_Drivers.dir/__/__/Drivers/STM32F4xx_HAL_Driver/Src/stm32f4xx_hal.c.obj
                0x20000004                uwTickPrio
 .data.uwTickFreq
                0x20000008        0x1 cmake/stm32cubemx/CMakeFiles/STM32_Drivers.dir/__/__/Drivers/STM32F4xx_HAL_Driver/Src/stm32f4xx_hal.c.obj
                0x20000008                uwTickFreq
 *(.RamFunc)
 *(.RamFunc*)
                0x2000000c                        . = ALIGN (0x4)
 *fill*         0x20000009        0x3 

.tm_clone_table
                0x2000000c        0x0 load address 0x08001770
 .tm_clone_table
                0x2000000c        0x0 D:/Arm/ARM_Embedded_GCC/arm-gnu-toolchain-14.3.rel1-mingw-w64-x86_64-arm-none-eabi/bin/../lib/gcc/arm-none-eabi/14.3.1/thumb/v7e-m+fp/hard/crtbegin.o
 .tm_clone_table
                0x2000000c        0x0 D:/Arm/ARM_Embedded_GCC/arm-gnu-toolchain-14.3.rel1-mingw-w64-x86_64-arm-none-eabi/bin/../lib/gcc/arm-none-eabi/14.3.1/thumb/v7e-m+fp/hard/crtend.o

.igot.plt       0x2000000c        0x0 load address 0x08001770
 .igot.plt      0x2000000c        0x0 D:/Arm/ARM_Embedded_GCC/arm-gnu-toolchain-14.3.rel1-mingw-w64-x86_64-arm-none-eabi/bin/../lib/gcc/arm-none-eabi/14.3.1/thumb/v7e-m+fp/hard/crtbegin.o

.tdata          0x2000000c        0x0 load address 0x08001770
 *(.tdata .tdata.* .gnu.linkonce.td.*)
                0x2000000c                        . = ALIGN (0x4)
                0x2000000c                        _edata = .
                [!provide]                        PROVIDE (__data_end = .)
                [!provide]                        PROVIDE (__tdata_end = .)
                [!provide]                        PROVIDE (__tdata_start = ADDR (.tdata))
                [!provide]                        PROVIDE (__tdata_size = (__tdata_end - __tdata_start))
                [!provide]                        PROVIDE (__data_start = ADDR (.data))
                [!provide]                        PROVIDE (__data_size = (__data_end - __data_start))
                [!provide]                        PROVIDE (__tdata_source = LOADADDR (.tdata))
                [!provide]                        PROVIDE (__tdata_source_end = (LOADADDR (.tdata) + SIZEOF (.tdata)))
                [!provide]                        PROVIDE (__tdata_source_size = (__tdata_source_end - __tdata_source))
                [!provide]                        PROVIDE (__data_source = LOADADDR (.data))
                [!provide]                        PROVIDE (__data_source_end = __tdata_source_end)
                [!provide]                        PROVIDE (__data_source_size = (__data_source_end - __data_source))

.tbss           0x2000000c        0x0 load address 0x08001770
                0x2000000c                        _sbss = .
                0x2000000c                        __bss_start__ = _sbss
 *(.tbss .tbss.*)
                0x2000000c                        . = ALIGN (0x4)
                [!provide]                        PROVIDE (__tbss_end = .)
                [!provide]                        PROVIDE (__tbss_start = ADDR (.tbss))
                [!provide]                        PROVIDE (__tbss_size = (__tbss_end - __tbss_start))
                [!provide]                        PROVIDE (__tbss_offset = (ADDR (.tbss) - ADDR (.tdata)))
                [!provide]                        PROVIDE (__tls_base = __tdata_start)
                [!provide]                        PROVIDE (__tls_end = __tbss_end)
                [!provide]                        PROVIDE (__tls_size = (__tls_end - __tls_base))
                [!provide]                        PROVIDE (__tls_align = MAX (ALIGNOF (.tdata), ALIGNOF (.tbss)))
                [!provide]                        PROVIDE (__tls_size_align = (((__tls_size + __tls_align) - 0x1) & ~ ((__tls_align - 0x1))))
                [!provide]                        PROVIDE (__arm32_tls_tcb_offset = MAX (0x8, __tls_align))
                [!provide]                        PROVIDE (__arm64_tls_tcb_offset = MAX (0x10, __tls_align))

.bss            0x2000000c       0x20 load address 0x08001770
 *(.bss)
 *(.bss*)
 .bss.completed.1
                0x2000000c        0x1 D:/Arm/ARM_Embedded_GCC/arm-gnu-toolchain-14.3.rel1-mingw-w64-x86_64-arm-none-eabi/bin/../lib/gcc/arm-none-eabi/14.3.1/thumb/v7e-m+fp/hard/crtbegin.o
 *fill*         0x2000000d        0x3 
 .bss.object.0  0x20000010       0x18 D:/Arm/ARM_Embedded_GCC/arm-gnu-toolchain-14.3.rel1-mingw-w64-x86_64-arm-none-eabi/bin/../lib/gcc/arm-none-eabi/14.3.1/thumb/v7e-m+fp/hard/crtbegin.o
 .bss.uwTick    0x20000028        0x4 cmake/stm32cubemx/CMakeFiles/STM32_Drivers.dir/__/__/Drivers/STM32F4xx_HAL_Driver/Src/stm32f4xx_hal.c.obj
                0x20000028                uwTick
 *(COMMON)
                0x2000002c                        . = ALIGN (0x4)
                0x2000002c                        _ebss = .
                0x2000002c                        __bss_end__ = _ebss
                [!provide]                        PROVIDE (__bss_end = .)
                [!provide]                        PROVIDE (__non_tls_bss_start = ADDR (.bss))
                [!provide]                        PROVIDE (__bss_start = __tbss_start)
                [!provide]                        PROVIDE (__bss_size = (__bss_end - __bss_start))

._user_heap_stack
                0x2000002c      0x604 load address 0x08001770
                0x20000030                        . = ALIGN (0x8)
 *fill*         0x2000002c        0x4 
                [!provide]                        PROVIDE (end = .)
                0x20000030                        PROVIDE (_end = .)
                0x20000230                        . = (. + _Min_Heap_Size)
 *fill*         0x20000030      0x200 
                0x20000630                        . = (. + _Min_Stack_Size)
 *fill*         0x20000230      0x400 
                0x20000630                        . = ALIGN (0x8)

/DISCARD/
 libc.a:*(*)
 libm.a:*(*)
 libgcc.a:*(*)
OUTPUT(test_cmake_gcc.elf elf32-littlearm)
LOAD linker stubs

.ARM.attributes
                0x00000000       0x30
 .ARM.attributes
                0x00000000       0x22 D:/Arm/ARM_Embedded_GCC/arm-gnu-toolchain-14.3.rel1-mingw-w64-x86_64-arm-none-eabi/bin/../lib/gcc/arm-none-eabi/14.3.1/thumb/v7e-m+fp/hard/crti.o
 .ARM.attributes
                0x00000022       0x34 D:/Arm/ARM_Embedded_GCC/arm-gnu-toolchain-14.3.rel1-mingw-w64-x86_64-arm-none-eabi/bin/../lib/gcc/arm-none-eabi/14.3.1/thumb/v7e-m+fp/hard/crtbegin.o
 .ARM.attributes
                0x00000056       0x34 cmake/stm32cubemx/CMakeFiles/STM32_Drivers.dir/__/__/Core/Src/system_stm32f4xx.c.obj
 .ARM.attributes
                0x0000008a       0x34 cmake/stm32cubemx/CMakeFiles/STM32_Drivers.dir/__/__/Drivers/STM32F4xx_HAL_Driver/Src/stm32f4xx_hal_rcc.c.obj
 .ARM.attributes
                0x000000be       0x34 cmake/stm32cubemx/CMakeFiles/STM32_Drivers.dir/__/__/Drivers/STM32F4xx_HAL_Driver/Src/stm32f4xx_hal_gpio.c.obj
 .ARM.attributes
                0x000000f2       0x34 cmake/stm32cubemx/CMakeFiles/STM32_Drivers.dir/__/__/Drivers/STM32F4xx_HAL_Driver/Src/stm32f4xx_hal_cortex.c.obj
 .ARM.attributes
                0x00000126       0x34 cmake/stm32cubemx/CMakeFiles/STM32_Drivers.dir/__/__/Drivers/STM32F4xx_HAL_Driver/Src/stm32f4xx_hal.c.obj
 .ARM.attributes
                0x0000015a       0x34 CMakeFiles/test_cmake_gcc.dir/Core/Src/main.c.obj
 .ARM.attributes
                0x0000018e       0x34 CMakeFiles/test_cmake_gcc.dir/Core/Src/gpio.c.obj
 .ARM.attributes
                0x000001c2       0x34 CMakeFiles/test_cmake_gcc.dir/Core/Src/stm32f4xx_it.c.obj
 .ARM.attributes
                0x000001f6       0x34 CMakeFiles/test_cmake_gcc.dir/Core/Src/stm32f4xx_hal_msp.c.obj
 .ARM.attributes
                0x0000022a       0x21 CMakeFiles/test_cmake_gcc.dir/startup_stm32f411xe.s.obj
 .ARM.attributes
                0x0000024b       0x34 CMakeFiles/test_cmake_gcc.dir/App/light/srcs/light.c.obj
 .ARM.attributes
                0x0000027f       0x34 CMakeFiles/test_cmake_gcc.dir/App/delay/srcs/delay.c.obj
 .ARM.attributes
                0x000002b3       0x22 D:/Arm/ARM_Embedded_GCC/arm-gnu-toolchain-14.3.rel1-mingw-w64-x86_64-arm-none-eabi/bin/../lib/gcc/arm-none-eabi/14.3.1/thumb/v7e-m+fp/hard\libgcc.a(_aeabi_uldivmod.o)
 .ARM.attributes
                0x000002d5       0x34 D:/Arm/ARM_Embedded_GCC/arm-gnu-toolchain-14.3.rel1-mingw-w64-x86_64-arm-none-eabi/bin/../lib/gcc/arm-none-eabi/14.3.1/thumb/v7e-m+fp/hard\libgcc.a(_udivmoddi4.o)
 .ARM.attributes
                0x00000309       0x22 D:/Arm/ARM_Embedded_GCC/arm-gnu-toolchain-14.3.rel1-mingw-w64-x86_64-arm-none-eabi/bin/../lib/gcc/arm-none-eabi/14.3.1/thumb/v7e-m+fp/hard\libgcc.a(_dvmd_tls.o)
 .ARM.attributes
                0x0000032b       0x34 D:/Arm/ARM_Embedded_GCC/arm-gnu-toolchain-14.3.rel1-mingw-w64-x86_64-arm-none-eabi/bin/../lib/gcc/arm-none-eabi/14.3.1/../../../../arm-none-eabi/lib/thumb/v7e-m+fp/hard\libg_nano.a(libc_a-memset.o)
 .ARM.attributes
                0x0000035f       0x34 D:/Arm/ARM_Embedded_GCC/arm-gnu-toolchain-14.3.rel1-mingw-w64-x86_64-arm-none-eabi/bin/../lib/gcc/arm-none-eabi/14.3.1/../../../../arm-none-eabi/lib/thumb/v7e-m+fp/hard\libg_nano.a(libc_a-init.o)
 .ARM.attributes
                0x00000393       0x34 D:/Arm/ARM_Embedded_GCC/arm-gnu-toolchain-14.3.rel1-mingw-w64-x86_64-arm-none-eabi/bin/../lib/gcc/arm-none-eabi/14.3.1/thumb/v7e-m+fp/hard/crtend.o
 .ARM.attributes
                0x000003c7       0x22 D:/Arm/ARM_Embedded_GCC/arm-gnu-toolchain-14.3.rel1-mingw-w64-x86_64-arm-none-eabi/bin/../lib/gcc/arm-none-eabi/14.3.1/thumb/v7e-m+fp/hard/crtn.o

.comment        0x00000000       0x46
 .comment       0x00000000       0x46 cmake/stm32cubemx/CMakeFiles/STM32_Drivers.dir/__/__/Core/Src/system_stm32f4xx.c.obj
                                 0x47 (size before relaxing)
 .comment       0x00000046       0x47 cmake/stm32cubemx/CMakeFiles/STM32_Drivers.dir/__/__/Drivers/STM32F4xx_HAL_Driver/Src/stm32f4xx_hal_rcc.c.obj
 .comment       0x00000046       0x47 cmake/stm32cubemx/CMakeFiles/STM32_Drivers.dir/__/__/Drivers/STM32F4xx_HAL_Driver/Src/stm32f4xx_hal_gpio.c.obj
 .comment       0x00000046       0x47 cmake/stm32cubemx/CMakeFiles/STM32_Drivers.dir/__/__/Drivers/STM32F4xx_HAL_Driver/Src/stm32f4xx_hal_cortex.c.obj
 .comment       0x00000046       0x47 cmake/stm32cubemx/CMakeFiles/STM32_Drivers.dir/__/__/Drivers/STM32F4xx_HAL_Driver/Src/stm32f4xx_hal.c.obj
 .comment       0x00000046       0x47 CMakeFiles/test_cmake_gcc.dir/Core/Src/main.c.obj
 .comment       0x00000046       0x47 CMakeFiles/test_cmake_gcc.dir/Core/Src/gpio.c.obj
 .comment       0x00000046       0x47 CMakeFiles/test_cmake_gcc.dir/Core/Src/stm32f4xx_it.c.obj
 .comment       0x00000046       0x47 CMakeFiles/test_cmake_gcc.dir/Core/Src/stm32f4xx_hal_msp.c.obj
 .comment       0x00000046       0x47 CMakeFiles/test_cmake_gcc.dir/App/light/srcs/light.c.obj
 .comment       0x00000046       0x47 CMakeFiles/test_cmake_gcc.dir/App/delay/srcs/delay.c.obj

.debug_info     0x00000000     0x3a38
 .debug_info    0x00000000      0x53e cmake/stm32cubemx/CMakeFiles/STM32_Drivers.dir/__/__/Core/Src/system_stm32f4xx.c.obj
 .debug_info    0x0000053e      0x904 cmake/stm32cubemx/CMakeFiles/STM32_Drivers.dir/__/__/Drivers/STM32F4xx_HAL_Driver/Src/stm32f4xx_hal_rcc.c.obj
 .debug_info    0x00000e42      0x6f9 cmake/stm32cubemx/CMakeFiles/STM32_Drivers.dir/__/__/Drivers/STM32F4xx_HAL_Driver/Src/stm32f4xx_hal_gpio.c.obj
 .debug_info    0x0000153b      0xcfc cmake/stm32cubemx/CMakeFiles/STM32_Drivers.dir/__/__/Drivers/STM32F4xx_HAL_Driver/Src/stm32f4xx_hal_cortex.c.obj
 .debug_info    0x00002237      0x8c4 cmake/stm32cubemx/CMakeFiles/STM32_Drivers.dir/__/__/Drivers/STM32F4xx_HAL_Driver/Src/stm32f4xx_hal.c.obj
 .debug_info    0x00002afb      0x4e4 CMakeFiles/test_cmake_gcc.dir/Core/Src/main.c.obj
 .debug_info    0x00002fdf      0x417 CMakeFiles/test_cmake_gcc.dir/Core/Src/gpio.c.obj
 .debug_info    0x000033f6      0x112 CMakeFiles/test_cmake_gcc.dir/Core/Src/stm32f4xx_it.c.obj
 .debug_info    0x00003508      0x291 CMakeFiles/test_cmake_gcc.dir/Core/Src/stm32f4xx_hal_msp.c.obj
 .debug_info    0x00003799       0x30 CMakeFiles/test_cmake_gcc.dir/startup_stm32f411xe.s.obj
 .debug_info    0x000037c9      0x1ad CMakeFiles/test_cmake_gcc.dir/App/light/srcs/light.c.obj
 .debug_info    0x00003976       0xc2 CMakeFiles/test_cmake_gcc.dir/App/delay/srcs/delay.c.obj

.debug_abbrev   0x00000000     0x1122
 .debug_abbrev  0x00000000      0x11a cmake/stm32cubemx/CMakeFiles/STM32_Drivers.dir/__/__/Core/Src/system_stm32f4xx.c.obj
 .debug_abbrev  0x0000011a      0x2b6 cmake/stm32cubemx/CMakeFiles/STM32_Drivers.dir/__/__/Drivers/STM32F4xx_HAL_Driver/Src/stm32f4xx_hal_rcc.c.obj
 .debug_abbrev  0x000003d0      0x1d3 cmake/stm32cubemx/CMakeFiles/STM32_Drivers.dir/__/__/Drivers/STM32F4xx_HAL_Driver/Src/stm32f4xx_hal_gpio.c.obj
 .debug_abbrev  0x000005a3      0x31d cmake/stm32cubemx/CMakeFiles/STM32_Drivers.dir/__/__/Drivers/STM32F4xx_HAL_Driver/Src/stm32f4xx_hal_cortex.c.obj
 .debug_abbrev  0x000008c0      0x24b cmake/stm32cubemx/CMakeFiles/STM32_Drivers.dir/__/__/Drivers/STM32F4xx_HAL_Driver/Src/stm32f4xx_hal.c.obj
 .debug_abbrev  0x00000b0b      0x1de CMakeFiles/test_cmake_gcc.dir/Core/Src/main.c.obj
 .debug_abbrev  0x00000ce9      0x151 CMakeFiles/test_cmake_gcc.dir/Core/Src/gpio.c.obj
 .debug_abbrev  0x00000e3a       0x73 CMakeFiles/test_cmake_gcc.dir/Core/Src/stm32f4xx_it.c.obj
 .debug_abbrev  0x00000ead       0xd8 CMakeFiles/test_cmake_gcc.dir/Core/Src/stm32f4xx_hal_msp.c.obj
 .debug_abbrev  0x00000f85       0x24 CMakeFiles/test_cmake_gcc.dir/startup_stm32f411xe.s.obj
 .debug_abbrev  0x00000fa9      0x107 CMakeFiles/test_cmake_gcc.dir/App/light/srcs/light.c.obj
 .debug_abbrev  0x000010b0       0x72 CMakeFiles/test_cmake_gcc.dir/App/delay/srcs/delay.c.obj

.debug_aranges  0x00000000      0x468
 .debug_aranges
                0x00000000       0x28 cmake/stm32cubemx/CMakeFiles/STM32_Drivers.dir/__/__/Core/Src/system_stm32f4xx.c.obj
 .debug_aranges
                0x00000028       0x88 cmake/stm32cubemx/CMakeFiles/STM32_Drivers.dir/__/__/Drivers/STM32F4xx_HAL_Driver/Src/stm32f4xx_hal_rcc.c.obj
 .debug_aranges
                0x000000b0       0x58 cmake/stm32cubemx/CMakeFiles/STM32_Drivers.dir/__/__/Drivers/STM32F4xx_HAL_Driver/Src/stm32f4xx_hal_gpio.c.obj
 .debug_aranges
                0x00000108      0x130 cmake/stm32cubemx/CMakeFiles/STM32_Drivers.dir/__/__/Drivers/STM32F4xx_HAL_Driver/Src/stm32f4xx_hal_cortex.c.obj
 .debug_aranges
                0x00000238       0xf0 cmake/stm32cubemx/CMakeFiles/STM32_Drivers.dir/__/__/Drivers/STM32F4xx_HAL_Driver/Src/stm32f4xx_hal.c.obj
 .debug_aranges
                0x00000328       0x30 CMakeFiles/test_cmake_gcc.dir/Core/Src/main.c.obj
 .debug_aranges
                0x00000358       0x20 CMakeFiles/test_cmake_gcc.dir/Core/Src/gpio.c.obj
 .debug_aranges
                0x00000378       0x60 CMakeFiles/test_cmake_gcc.dir/Core/Src/stm32f4xx_it.c.obj
 .debug_aranges
                0x000003d8       0x20 CMakeFiles/test_cmake_gcc.dir/Core/Src/stm32f4xx_hal_msp.c.obj
 .debug_aranges
                0x000003f8       0x28 CMakeFiles/test_cmake_gcc.dir/startup_stm32f411xe.s.obj
 .debug_aranges
                0x00000420       0x20 CMakeFiles/test_cmake_gcc.dir/App/light/srcs/light.c.obj
 .debug_aranges
                0x00000440       0x28 CMakeFiles/test_cmake_gcc.dir/App/delay/srcs/delay.c.obj

.debug_rnglists
                0x00000000      0x31d
 .debug_rnglists
                0x00000000       0x1a cmake/stm32cubemx/CMakeFiles/STM32_Drivers.dir/__/__/Core/Src/system_stm32f4xx.c.obj
 .debug_rnglists
                0x0000001a       0x66 cmake/stm32cubemx/CMakeFiles/STM32_Drivers.dir/__/__/Drivers/STM32F4xx_HAL_Driver/Src/stm32f4xx_hal_rcc.c.obj
 .debug_rnglists
                0x00000080       0x3f cmake/stm32cubemx/CMakeFiles/STM32_Drivers.dir/__/__/Drivers/STM32F4xx_HAL_Driver/Src/stm32f4xx_hal_gpio.c.obj
 .debug_rnglists
                0x000000bf       0xe0 cmake/stm32cubemx/CMakeFiles/STM32_Drivers.dir/__/__/Drivers/STM32F4xx_HAL_Driver/Src/stm32f4xx_hal_cortex.c.obj
 .debug_rnglists
                0x0000019f       0xaf cmake/stm32cubemx/CMakeFiles/STM32_Drivers.dir/__/__/Drivers/STM32F4xx_HAL_Driver/Src/stm32f4xx_hal.c.obj
 .debug_rnglists
                0x0000024e       0x20 CMakeFiles/test_cmake_gcc.dir/Core/Src/main.c.obj
 .debug_rnglists
                0x0000026e       0x14 CMakeFiles/test_cmake_gcc.dir/Core/Src/gpio.c.obj
 .debug_rnglists
                0x00000282       0x43 CMakeFiles/test_cmake_gcc.dir/Core/Src/stm32f4xx_it.c.obj
 .debug_rnglists
                0x000002c5       0x13 CMakeFiles/test_cmake_gcc.dir/Core/Src/stm32f4xx_hal_msp.c.obj
 .debug_rnglists
                0x000002d8       0x19 CMakeFiles/test_cmake_gcc.dir/startup_stm32f411xe.s.obj
 .debug_rnglists
                0x000002f1       0x13 CMakeFiles/test_cmake_gcc.dir/App/light/srcs/light.c.obj
 .debug_rnglists
                0x00000304       0x19 CMakeFiles/test_cmake_gcc.dir/App/delay/srcs/delay.c.obj

.debug_macro    0x00000000    0x14929
 .debug_macro   0x00000000      0x1b0 cmake/stm32cubemx/CMakeFiles/STM32_Drivers.dir/__/__/Core/Src/system_stm32f4xx.c.obj
 .debug_macro   0x000001b0      0xad8 cmake/stm32cubemx/CMakeFiles/STM32_Drivers.dir/__/__/Core/Src/system_stm32f4xx.c.obj
 .debug_macro   0x00000c88       0x2e cmake/stm32cubemx/CMakeFiles/STM32_Drivers.dir/__/__/Core/Src/system_stm32f4xx.c.obj
 .debug_macro   0x00000cb6       0x28 cmake/stm32cubemx/CMakeFiles/STM32_Drivers.dir/__/__/Core/Src/system_stm32f4xx.c.obj
 .debug_macro   0x00000cde       0x22 cmake/stm32cubemx/CMakeFiles/STM32_Drivers.dir/__/__/Core/Src/system_stm32f4xx.c.obj
 .debug_macro   0x00000d00       0x8e cmake/stm32cubemx/CMakeFiles/STM32_Drivers.dir/__/__/Core/Src/system_stm32f4xx.c.obj
 .debug_macro   0x00000d8e       0x51 cmake/stm32cubemx/CMakeFiles/STM32_Drivers.dir/__/__/Core/Src/system_stm32f4xx.c.obj
 .debug_macro   0x00000ddf      0x103 cmake/stm32cubemx/CMakeFiles/STM32_Drivers.dir/__/__/Core/Src/system_stm32f4xx.c.obj
 .debug_macro   0x00000ee2       0x6a cmake/stm32cubemx/CMakeFiles/STM32_Drivers.dir/__/__/Core/Src/system_stm32f4xx.c.obj
 .debug_macro   0x00000f4c      0x1df cmake/stm32cubemx/CMakeFiles/STM32_Drivers.dir/__/__/Core/Src/system_stm32f4xx.c.obj
 .debug_macro   0x0000112b       0x1c cmake/stm32cubemx/CMakeFiles/STM32_Drivers.dir/__/__/Core/Src/system_stm32f4xx.c.obj
 .debug_macro   0x00001147       0x22 cmake/stm32cubemx/CMakeFiles/STM32_Drivers.dir/__/__/Core/Src/system_stm32f4xx.c.obj
 .debug_macro   0x00001169       0xfb cmake/stm32cubemx/CMakeFiles/STM32_Drivers.dir/__/__/Core/Src/system_stm32f4xx.c.obj
 .debug_macro   0x00001264     0x1011 cmake/stm32cubemx/CMakeFiles/STM32_Drivers.dir/__/__/Core/Src/system_stm32f4xx.c.obj
 .debug_macro   0x00002275      0x11f cmake/stm32cubemx/CMakeFiles/STM32_Drivers.dir/__/__/Core/Src/system_stm32f4xx.c.obj
 .debug_macro   0x00002394     0xb968 cmake/stm32cubemx/CMakeFiles/STM32_Drivers.dir/__/__/Core/Src/system_stm32f4xx.c.obj
 .debug_macro   0x0000dcfc       0x6d cmake/stm32cubemx/CMakeFiles/STM32_Drivers.dir/__/__/Core/Src/system_stm32f4xx.c.obj
 .debug_macro   0x0000dd69      0x28f cmake/stm32cubemx/CMakeFiles/STM32_Drivers.dir/__/__/Core/Src/system_stm32f4xx.c.obj
 .debug_macro   0x0000dff8     0x3693 cmake/stm32cubemx/CMakeFiles/STM32_Drivers.dir/__/__/Core/Src/system_stm32f4xx.c.obj
 .debug_macro   0x0001168b      0x190 cmake/stm32cubemx/CMakeFiles/STM32_Drivers.dir/__/__/Core/Src/system_stm32f4xx.c.obj
 .debug_macro   0x0001181b       0x5c cmake/stm32cubemx/CMakeFiles/STM32_Drivers.dir/__/__/Core/Src/system_stm32f4xx.c.obj
 .debug_macro   0x00011877      0x45c cmake/stm32cubemx/CMakeFiles/STM32_Drivers.dir/__/__/Core/Src/system_stm32f4xx.c.obj
 .debug_macro   0x00011cd3      0x9e9 cmake/stm32cubemx/CMakeFiles/STM32_Drivers.dir/__/__/Core/Src/system_stm32f4xx.c.obj
 .debug_macro   0x000126bc      0x115 cmake/stm32cubemx/CMakeFiles/STM32_Drivers.dir/__/__/Core/Src/system_stm32f4xx.c.obj
 .debug_macro   0x000127d1      0x11b cmake/stm32cubemx/CMakeFiles/STM32_Drivers.dir/__/__/Core/Src/system_stm32f4xx.c.obj
 .debug_macro   0x000128ec       0xa5 cmake/stm32cubemx/CMakeFiles/STM32_Drivers.dir/__/__/Core/Src/system_stm32f4xx.c.obj
 .debug_macro   0x00012991      0x15f cmake/stm32cubemx/CMakeFiles/STM32_Drivers.dir/__/__/Core/Src/system_stm32f4xx.c.obj
 .debug_macro   0x00012af0      0x287 cmake/stm32cubemx/CMakeFiles/STM32_Drivers.dir/__/__/Core/Src/system_stm32f4xx.c.obj
 .debug_macro   0x00012d77       0x5f cmake/stm32cubemx/CMakeFiles/STM32_Drivers.dir/__/__/Core/Src/system_stm32f4xx.c.obj
 .debug_macro   0x00012dd6      0x236 cmake/stm32cubemx/CMakeFiles/STM32_Drivers.dir/__/__/Core/Src/system_stm32f4xx.c.obj
 .debug_macro   0x0001300c      0x132 cmake/stm32cubemx/CMakeFiles/STM32_Drivers.dir/__/__/Core/Src/system_stm32f4xx.c.obj
 .debug_macro   0x0001313e      0x264 cmake/stm32cubemx/CMakeFiles/STM32_Drivers.dir/__/__/Core/Src/system_stm32f4xx.c.obj
 .debug_macro   0x000133a2       0x2e cmake/stm32cubemx/CMakeFiles/STM32_Drivers.dir/__/__/Core/Src/system_stm32f4xx.c.obj
 .debug_macro   0x000133d0      0x127 cmake/stm32cubemx/CMakeFiles/STM32_Drivers.dir/__/__/Core/Src/system_stm32f4xx.c.obj
 .debug_macro   0x000134f7       0x85 cmake/stm32cubemx/CMakeFiles/STM32_Drivers.dir/__/__/Core/Src/system_stm32f4xx.c.obj
 .debug_macro   0x0001357c       0x89 cmake/stm32cubemx/CMakeFiles/STM32_Drivers.dir/__/__/Core/Src/system_stm32f4xx.c.obj
 .debug_macro   0x00013605      0x126 cmake/stm32cubemx/CMakeFiles/STM32_Drivers.dir/__/__/Core/Src/system_stm32f4xx.c.obj
 .debug_macro   0x0001372b      0x1d4 cmake/stm32cubemx/CMakeFiles/STM32_Drivers.dir/__/__/Drivers/STM32F4xx_HAL_Driver/Src/stm32f4xx_hal_rcc.c.obj
 .debug_macro   0x000138ff      0x1b6 cmake/stm32cubemx/CMakeFiles/STM32_Drivers.dir/__/__/Drivers/STM32F4xx_HAL_Driver/Src/stm32f4xx_hal_gpio.c.obj
 .debug_macro   0x00013ab5      0x1b0 cmake/stm32cubemx/CMakeFiles/STM32_Drivers.dir/__/__/Drivers/STM32F4xx_HAL_Driver/Src/stm32f4xx_hal_cortex.c.obj
 .debug_macro   0x00013c65      0x210 cmake/stm32cubemx/CMakeFiles/STM32_Drivers.dir/__/__/Drivers/STM32F4xx_HAL_Driver/Src/stm32f4xx_hal.c.obj
 .debug_macro   0x00013e75      0x1d1 CMakeFiles/test_cmake_gcc.dir/Core/Src/main.c.obj
 .debug_macro   0x00014046       0x10 CMakeFiles/test_cmake_gcc.dir/Core/Src/main.c.obj
 .debug_macro   0x00014056      0x1c9 CMakeFiles/test_cmake_gcc.dir/Core/Src/gpio.c.obj
 .debug_macro   0x0001421f      0x1c9 CMakeFiles/test_cmake_gcc.dir/Core/Src/stm32f4xx_it.c.obj
 .debug_macro   0x000143e8      0x1bf CMakeFiles/test_cmake_gcc.dir/Core/Src/stm32f4xx_hal_msp.c.obj
 .debug_macro   0x000145a7      0x1c3 CMakeFiles/test_cmake_gcc.dir/App/light/srcs/light.c.obj
 .debug_macro   0x0001476a      0x1bf CMakeFiles/test_cmake_gcc.dir/App/delay/srcs/delay.c.obj

.debug_line     0x00000000     0x5e92
 .debug_line    0x00000000      0x702 cmake/stm32cubemx/CMakeFiles/STM32_Drivers.dir/__/__/Core/Src/system_stm32f4xx.c.obj
 .debug_line    0x00000702      0xd8b cmake/stm32cubemx/CMakeFiles/STM32_Drivers.dir/__/__/Drivers/STM32F4xx_HAL_Driver/Src/stm32f4xx_hal_rcc.c.obj
 .debug_line    0x0000148d      0xa9a cmake/stm32cubemx/CMakeFiles/STM32_Drivers.dir/__/__/Drivers/STM32F4xx_HAL_Driver/Src/stm32f4xx_hal_gpio.c.obj
 .debug_line    0x00001f27      0xc4e cmake/stm32cubemx/CMakeFiles/STM32_Drivers.dir/__/__/Drivers/STM32F4xx_HAL_Driver/Src/stm32f4xx_hal_cortex.c.obj
 .debug_line    0x00002b75      0x97e cmake/stm32cubemx/CMakeFiles/STM32_Drivers.dir/__/__/Drivers/STM32F4xx_HAL_Driver/Src/stm32f4xx_hal.c.obj
 .debug_line    0x000034f3      0x75a CMakeFiles/test_cmake_gcc.dir/Core/Src/main.c.obj
 .debug_line    0x00003c4d      0x69b CMakeFiles/test_cmake_gcc.dir/Core/Src/gpio.c.obj
 .debug_line    0x000042e8      0x73b CMakeFiles/test_cmake_gcc.dir/Core/Src/stm32f4xx_it.c.obj
 .debug_line    0x00004a23      0x68c CMakeFiles/test_cmake_gcc.dir/Core/Src/stm32f4xx_hal_msp.c.obj
 .debug_line    0x000050af       0x7a CMakeFiles/test_cmake_gcc.dir/startup_stm32f411xe.s.obj
 .debug_line    0x00005129      0x6cf CMakeFiles/test_cmake_gcc.dir/App/light/srcs/light.c.obj
 .debug_line    0x000057f8      0x69a CMakeFiles/test_cmake_gcc.dir/App/delay/srcs/delay.c.obj

.debug_str      0x00000000    0x7f813
 .debug_str     0x00000000    0x7f813 cmake/stm32cubemx/CMakeFiles/STM32_Drivers.dir/__/__/Core/Src/system_stm32f4xx.c.obj
                              0x7e334 (size before relaxing)
 .debug_str     0x0007f813    0x7e768 cmake/stm32cubemx/CMakeFiles/STM32_Drivers.dir/__/__/Drivers/STM32F4xx_HAL_Driver/Src/stm32f4xx_hal_rcc.c.obj
 .debug_str     0x0007f813    0x7e4af cmake/stm32cubemx/CMakeFiles/STM32_Drivers.dir/__/__/Drivers/STM32F4xx_HAL_Driver/Src/stm32f4xx_hal_gpio.c.obj
 .debug_str     0x0007f813    0x7eaca cmake/stm32cubemx/CMakeFiles/STM32_Drivers.dir/__/__/Drivers/STM32F4xx_HAL_Driver/Src/stm32f4xx_hal_cortex.c.obj
 .debug_str     0x0007f813    0x7ed60 cmake/stm32cubemx/CMakeFiles/STM32_Drivers.dir/__/__/Drivers/STM32F4xx_HAL_Driver/Src/stm32f4xx_hal.c.obj
 .debug_str     0x0007f813    0x7e488 CMakeFiles/test_cmake_gcc.dir/Core/Src/main.c.obj
 .debug_str     0x0007f813    0x7e381 CMakeFiles/test_cmake_gcc.dir/Core/Src/gpio.c.obj
 .debug_str     0x0007f813    0x7e22a CMakeFiles/test_cmake_gcc.dir/Core/Src/stm32f4xx_it.c.obj
 .debug_str     0x0007f813    0x7e2b6 CMakeFiles/test_cmake_gcc.dir/Core/Src/stm32f4xx_hal_msp.c.obj
 .debug_str     0x0007f813       0xa6 CMakeFiles/test_cmake_gcc.dir/startup_stm32f411xe.s.obj
 .debug_str     0x0007f813    0x7e22c CMakeFiles/test_cmake_gcc.dir/App/light/srcs/light.c.obj
 .debug_str     0x0007f813    0x7e1a9 CMakeFiles/test_cmake_gcc.dir/App/delay/srcs/delay.c.obj

.debug_frame    0x00000000      0xf0c
 .debug_frame   0x00000000       0x58 cmake/stm32cubemx/CMakeFiles/STM32_Drivers.dir/__/__/Core/Src/system_stm32f4xx.c.obj
 .debug_frame   0x00000058      0x1f4 cmake/stm32cubemx/CMakeFiles/STM32_Drivers.dir/__/__/Drivers/STM32F4xx_HAL_Driver/Src/stm32f4xx_hal_rcc.c.obj
 .debug_frame   0x0000024c      0x14c cmake/stm32cubemx/CMakeFiles/STM32_Drivers.dir/__/__/Drivers/STM32F4xx_HAL_Driver/Src/stm32f4xx_hal_gpio.c.obj
 .debug_frame   0x00000398      0x508 cmake/stm32cubemx/CMakeFiles/STM32_Drivers.dir/__/__/Drivers/STM32F4xx_HAL_Driver/Src/stm32f4xx_hal_cortex.c.obj
 .debug_frame   0x000008a0      0x374 cmake/stm32cubemx/CMakeFiles/STM32_Drivers.dir/__/__/Drivers/STM32F4xx_HAL_Driver/Src/stm32f4xx_hal.c.obj
 .debug_frame   0x00000c14       0x68 CMakeFiles/test_cmake_gcc.dir/Core/Src/main.c.obj
 .debug_frame   0x00000c7c       0x34 CMakeFiles/test_cmake_gcc.dir/Core/Src/gpio.c.obj
 .debug_frame   0x00000cb0      0x104 CMakeFiles/test_cmake_gcc.dir/Core/Src/stm32f4xx_it.c.obj
 .debug_frame   0x00000db4       0x38 CMakeFiles/test_cmake_gcc.dir/Core/Src/stm32f4xx_hal_msp.c.obj
 .debug_frame   0x00000dec       0x2c CMakeFiles/test_cmake_gcc.dir/App/light/srcs/light.c.obj
 .debug_frame   0x00000e18       0x48 CMakeFiles/test_cmake_gcc.dir/App/delay/srcs/delay.c.obj
 .debug_frame   0x00000e60       0x2c D:/Arm/ARM_Embedded_GCC/arm-gnu-toolchain-14.3.rel1-mingw-w64-x86_64-arm-none-eabi/bin/../lib/gcc/arm-none-eabi/14.3.1/thumb/v7e-m+fp/hard\libgcc.a(_aeabi_uldivmod.o)
 .debug_frame   0x00000e8c       0x34 D:/Arm/ARM_Embedded_GCC/arm-gnu-toolchain-14.3.rel1-mingw-w64-x86_64-arm-none-eabi/bin/../lib/gcc/arm-none-eabi/14.3.1/thumb/v7e-m+fp/hard\libgcc.a(_udivmoddi4.o)
 .debug_frame   0x00000ec0       0x20 D:/Arm/ARM_Embedded_GCC/arm-gnu-toolchain-14.3.rel1-mingw-w64-x86_64-arm-none-eabi/bin/../lib/gcc/arm-none-eabi/14.3.1/../../../../arm-none-eabi/lib/thumb/v7e-m+fp/hard\libg_nano.a(libc_a-memset.o)
 .debug_frame   0x00000ee0       0x2c D:/Arm/ARM_Embedded_GCC/arm-gnu-toolchain-14.3.rel1-mingw-w64-x86_64-arm-none-eabi/bin/../lib/gcc/arm-none-eabi/14.3.1/../../../../arm-none-eabi/lib/thumb/v7e-m+fp/hard\libg_nano.a(libc_a-init.o)

.debug_line_str
                0x00000000      0x163
 .debug_line_str
                0x00000000      0x163 CMakeFiles/test_cmake_gcc.dir/startup_stm32f411xe.s.obj
                                 0x8a (size before relaxing)
 .debug_line_str
                0x00000163       0xcd D:/Arm/ARM_Embedded_GCC/arm-gnu-toolchain-14.3.rel1-mingw-w64-x86_64-arm-none-eabi/bin/../lib/gcc/arm-none-eabi/14.3.1/thumb/v7e-m+fp/hard\libgcc.a(_aeabi_uldivmod.o)
 .debug_line_str
                0x00000163       0xd1 D:/Arm/ARM_Embedded_GCC/arm-gnu-toolchain-14.3.rel1-mingw-w64-x86_64-arm-none-eabi/bin/../lib/gcc/arm-none-eabi/14.3.1/thumb/v7e-m+fp/hard\libgcc.a(_dvmd_tls.o)
